<?xml version="1.0" encoding="UTF-8" ?>
<testsuites disabled="0" errors="0" failures="1" tests="8" time="0.818">
 <testsuite name="News Server" timestamp="2024-02-27T22:35:56" hostname="localhost" time="0.409" errors="0" tests="0" skipped="0" disabled="0" failures="0">
 </testsuite>
 <testsuite name="News Server.Logging in" timestamp="2024-02-27T22:35:56" hostname="localhost" time="0.045" errors="0" tests="2" skipped="0" disabled="0" failures="0">
  <testcase classname="News Server.Logging in" name="should login with correct credentials" time="0.02" />
  <testcase classname="News Server.Logging in" name="should fail to login with wrong password" time="0.006" />
 </testsuite>
 <testsuite name="News Server.Logging out" timestamp="2024-02-27T22:35:56" hostname="localhost" time="0.31" errors="0" tests="1" skipped="0" disabled="0" failures="1">
  <testcase classname="News Server.Logging out" name="should log user out if correct token is passed" time="0.31">
   <failure type="exception" message="Error: Timeout - Async function did not complete within 300ms (set by jasmine.DEFAULT_TIMEOUT_INTERVAL)"><![CDATA[Error: Timeout - Async function did not complete within 300ms (set by jasmine.DEFAULT_TIMEOUT_INTERVAL)
    at <Jasmine>
    at listOnTimeout (node:internal/timers:569:17)
    at process.processTimers (node:internal/timers:512:7)]]>
   </failure>
  </testcase>
 </testsuite>
 <testsuite name="News Server.Reading news" timestamp="2024-02-27T22:35:56" hostname="localhost" time="0.006" errors="0" tests="1" skipped="0" disabled="0" failures="0">
  <testcase classname="News Server.Reading news" name="should read news" time="0.004" />
 </testsuite>
 <testsuite name="News Server.Adding news" timestamp="2024-02-27T22:35:56" hostname="localhost" time="0.025" errors="0" tests="2" skipped="0" disabled="0" failures="0">
  <testcase classname="News Server.Adding news" name="should add news if authorized" time="0.006" />
  <testcase classname="News Server.Adding news" name="should fail to add news if token is invalid" time="0.003" />
 </testsuite>
 <testsuite name="News Server.Editing news" timestamp="2024-02-27T22:35:56" hostname="localhost" time="0.007" errors="0" tests="1" skipped="0" disabled="0" failures="0">
  <testcase classname="News Server.Editing news" name="should edit own news if authorized" time="0.007" />
 </testsuite>
 <testsuite name="News Server.Deleting news" timestamp="2024-02-27T22:35:56" hostname="localhost" time="0.016" errors="0" tests="1" skipped="0" disabled="0" failures="0">
  <testcase classname="News Server.Deleting news" name="should delete own news if authorized" time="0.015" />
 </testsuite>
</testsuites>